     Assembly listing for: MARIEJeymar.mas
                Assembled: Tue May 14 17:03:00 COT 2019

000 102C |              LOAD x                 
001 2037 |              STORE ag               
002 102D |              LOAD y                 
003 2038 |              STORE bg               
004 005E |              JNS gcd                
005 103A |              LOAD gcdab             
006 2037 |              STORE ag               
007 102E |              LOAD z                 
008 2038 |              STORE bg               
009 005E |              JNS gcd                
00A 103A |              LOAD gcdab             
00B 2034 |              STORE bd               
00C 102C |              LOAD x                 
00D 2033 |              STORE ad               
00E 004B |              JNS div                
00F 103B |              LOAD suma              
010 3035 |              ADD co                 
011 203B |              STORE suma             
012 103A |              LOAD gcdab             
013 2034 |              STORE bd               
014 102D |              LOAD y                 
015 2033 |              STORE ad               
016 004B |              JNS div                
017 103B |              LOAD suma              
018 3035 |              ADD co                 
019 203B |              STORE suma             
01A 103A |              LOAD gcdab             
01B 2034 |              STORE bd               
01C 102E |              LOAD z                 
01D 2033 |              STORE ad               
01E 004B |              JNS div                
01F 103B |              LOAD suma              
020 3035 |              ADD co                 
021 203B |              STORE suma             
022 103B |              LOAD suma              
023 2030 |              STORE am               
024 102F |              LOAD n                 
025 2031 |              STORE bm               
026 003C |              JNS multi              
027 1032 |              LOAD ansMulti          
028 6000 |              OUTPUT                 
029 7000 |              HALT                   
02A 0001 |  uno         DEC 1                  
02B 0000 |  cero        DEC 0                  
02C 0016 |  x           DEC 22                 
02D 000B |  y           DEC 11                 
02E 0021 |  z           DEC 33                 
02F 000A |  n           DEC 10                 
030 0000 |  am          DEC 0                  
031 0000 |  bm          DEC 0                  
032 0000 |  ansMulti    DEC 0                  
033 0000 |  ad          DEC 0                  
034 0000 |  bd          DEC 0                  
035 0000 |  co          DEC 0                  
036 0000 |  md          DEC 0                  
037 0000 |  ag          DEC 0                  
038 0000 |  bg          DEC 0                  
039 0000 |  tempg       DEC 0                  
03A 0000 |  gcdab       DEC 0                  
03B 0000 |  suma        DEC 0                  
         |                                    
         |                                    
03C 0000 |  multi       DEC 0                  
03D 102B |              LOAD cero              
03E 2032 |              STORE ansMulti         
03F 1031 |  whileMulti  LOAD bm                
040 8800 |              SKIPCOND 800           
041 904A |              JUMP finishMulti       
042 9043 |              JUMP iniMulti          
043 1031 |  iniMulti    LOAD bm                
044 402A |              SUBT uno               
045 2031 |              STORE bm               
046 1032 |              LOAD ansMulti          
047 3030 |              ADD am                 
048 2032 |              STORE ansMulti         
049 903F |              JUMP whileMulti        
04A C03C |  finishMulti JUMPI multi            
         |                                    
         |                                    
         |                                    	
04B 0000 |  div         DEC 0                  
04C 102B |              LOAD cero              
04D 2035 |              STORE co               
04E 2036 |              STORE md               
04F 1033 |  whileDiv    LOAD ad                
050 4034 |              SUBT bd                
051 8000 |              SKIPCOND 000           
052 9054 |              JUMP iniDiv            
053 905B |              JUMP finishDiv         
054 1033 |  iniDiv      LOAD ad                
055 4034 |              SUBT bd                
056 2033 |              STORE ad               
057 1035 |              LOAD co                
058 302A |              ADD uno                
059 2035 |              STORE co               
05A 904F |              JUMP whileDiv          
05B 1033 |  finishDiv   LOAD ad                
05C 2036 |              STORE md               
05D C04B |              JUMPI div              
         |                                    
05E 0000 |  gcd         DEC 0                  
05F 1038 |  whileGcd    LOAD bg                
060 8400 |              SKIPCOND 400           
061 9063 |              JUMP iniGcd            
062 906E |              JUMP finishGcd         
063 1038 |  iniGcd      LOAD bg                
064 2039 |              STORE tempg            
065 2034 |              STORE bd               
066 1037 |              LOAD ag                
067 2033 |              STORE ad               
068 004B |              JNS div                
069 1036 |              LOAD md                
06A 2038 |              STORE bg               
06B 1039 |              LOAD tempg             
06C 2037 |              STORE ag               
06D 905F |              JUMP whileGcd          
06E 1037 |  finishGcd   LOAD ag                
06F 203A |              STORE gcdab            
070 C05E |              JUMPI gcd              

Assembly successful.

         SYMBOL TABLE
         -------------------------------------------------------
          Symbol      | Defined | References 
         -------------+---------+-------------------------------
          ad          |   033   | 00D, 015, 01D, 04F, 054, 056, 
                      |         | 05B, 067
          ag          |   037   | 001, 006, 066, 06C, 06E
          am          |   030   | 023, 047
          ansMulti    |   032   | 027, 03E, 046, 048
          bd          |   034   | 00B, 013, 01B, 050, 055, 065
          bg          |   038   | 003, 008, 05F, 063, 06A
          bm          |   031   | 025, 03F, 043, 045
          cero        |   02B   | 03D, 04C
          co          |   035   | 010, 018, 020, 04D, 057, 059
          div         |   04B   | 00E, 016, 01E, 05D, 068
          finishDiv   |   05B   | 053
          finishGcd   |   06E   | 062
          finishMulti |   04A   | 041
          gcd         |   05E   | 004, 009, 070
          gcdab       |   03A   | 005, 00A, 012, 01A, 06F
          iniDiv      |   054   | 052
          iniGcd      |   063   | 061
          iniMulti    |   043   | 042
          md          |   036   | 04E, 05C, 069
          multi       |   03C   | 026, 04A
          n           |   02F   | 024
          suma        |   03B   | 00F, 011, 017, 019, 01F, 021, 
                      |         | 022
          tempg       |   039   | 064, 06B
          uno         |   02A   | 044, 058
          whileDiv    |   04F   | 05A
          whileGcd    |   05F   | 06D
          whileMulti  |   03F   | 049
          x           |   02C   | 000, 00C
          y           |   02D   | 002, 014
          z           |   02E   | 007, 01C
         -------------------------------------------------------

