     Assembly listing for: MARIE.mas
                Assembled: Fri May 17 15:53:22 COT 2019

000 5000 |             INPUT                 
001 2065 |             STORE X               
002 5000 |             INPUT                 
003 2066 |             STORE Y               
004 5000 |             INPUT                 
005 2067 |             STORE Z               
006 5000 |             INPUT                 
007 2068 |             STORE N               
008 9009 |             JUMP GCDF             
         |                                  	
009 1065 |  GCDF       LOAD X                
00A 206A |             STORE XTEMP           
00B 1066 |             LOAD Y                
00C 206B |             STORE YTEMP           
00D 106B |             LOAD YTEMP            
00E 8800 |  FORR       SKIPCOND 800          
00F 901E |             JUMP ENDFOR           
010 2069 |             STORE TEMP            
011 106A |  MOD        LOAD XTEMP            
012 406B |             SUBT YTEMP            
013 8000 |             SKIPCOND 000          
014 901C |             JUMP SEGUIRMOD        
015 9016 |             JUMP ENDMOD           
016 306B |  ENDMOD     ADD YTEMP             
017 206B |             STORE YTEMP           
018 1069 |             LOAD TEMP             
019 206A |             STORE XTEMP           
01A 106B |             LOAD YTEMP            
01B 900E |             JUMP FORR             
01C 206A |  SEGUIRMOD  STORE XTEMP           
01D 9011 |             JUMP MOD              
01E 106A |  ENDFOR     LOAD XTEMP            
01F 206C |             STORE GCD             
020 9021 |             JUMP GCDF2            
         |                                  
021 106C |  GCDF2      LOAD GCD              
022 206D |             STORE GCDTEMP         
023 1067 |             LOAD Z                
024 206E |             STORE ZTEMP           
025 106E |             LOAD ZTEMP            
026 8800 |  FORR2      SKIPCOND 800          
027 9036 |             JUMP ENDFOR2          
028 2069 |             STORE TEMP            
029 106D |  MOD2       LOAD GCDTEMP          
02A 406E |             SUBT ZTEMP            
02B 8000 |             SKIPCOND 000          
02C 9034 |             JUMP SEGUIRMOD2       
02D 902E |             JUMP ENDMOD2          
02E 306E |  ENDMOD2    ADD ZTEMP             
02F 206E |             STORE ZTEMP           
030 1069 |             LOAD TEMP             
031 206D |             STORE GCDTEMP         
032 106E |             LOAD ZTEMP            
033 9026 |             JUMP FORR2            
034 206D |  SEGUIRMOD2 STORE GCDTEMP         
035 9029 |             JUMP MOD2             
036 106D |  ENDFOR2    LOAD GCDTEMP          
037 206F |             STORE GCD2            
038 9039 |             JUMP DIVX             
         |                                  
039 1070 |  DIVX       LOAD A                
03A 3073 |             ADD UNO               
03B 2070 |             STORE A               
03C 1065 |             LOAD X                
03D 406F |             SUBT GCD2             
03E 2065 |             STORE X               
03F 8400 |             SKIPCOND 400          
040 9039 |             JUMP DIVX             
041 9042 |             JUMP DIVY             
         |                                  
042 1071 |  DIVY       LOAD B                
043 3073 |             ADD UNO               
044 2071 |             STORE B               
045 1066 |             LOAD Y                
046 406F |             SUBT GCD2             
047 2066 |             STORE Y               
048 8400 |             SKIPCOND 400          
049 9042 |             JUMP DIVY             
04A 904B |             JUMP DIVZ             
         |                                  	
04B 1072 |  DIVZ       LOAD C                
04C 3073 |             ADD UNO               
04D 2072 |             STORE C               
04E 1067 |             LOAD Z                
04F 406F |             SUBT GCD2             
050 2067 |             STORE Z               
051 8400 |             SKIPCOND 400          
052 904B |             JUMP DIVZ             
053 9054 |             JUMP MAIN             
         |                                  
054 1074 |  MAIN       LOAD SUMA             
055 3070 |             ADD A                 
056 3071 |             ADD B                 
057 3072 |             ADD C                 
058 2074 |             STORE SUMA            
059 905A |             JUMP TOTALL           
         |                                  
05A 1075 |  TOTALL     LOAD TOTAL            
05B 3074 |             ADD SUMA              
05C 2075 |             STORE TOTAL           
05D 1068 |             LOAD N                
05E 4073 |             SUBT UNO              
05F 2068 |             STORE N               
060 8800 |             SKIPCOND 800          
061 9063 |             JUMP END              
062 905A |             JUMP TOTALL           
         |                                  
063 1075 |  END        LOAD TOTAL            
064 6000 |             OUTPUT                
         |                                  	
065 0000 |  X          DEC 0                 
066 0000 |  Y          DEC 0                 
067 0000 |  Z          DEC 0                 
068 0000 |  N          DEC 0                 
069 0000 |  TEMP       DEC 0                 
06A 0000 |  XTEMP      DEC 0                 
06B 0000 |  YTEMP      DEC 0                 
06C 0000 |  GCD        DEC 0                 
06D 0000 |  GCDTEMP    DEC 0                 
06E 0000 |  ZTEMP      DEC 0                 
06F 0000 |  GCD2       DEC 0                 
070 0000 |  A          DEC 0                 
071 0000 |  B          DEC 0                 
072 0000 |  C          DEC 0                 
073 0001 |  UNO        DEC 1                 
074 0000 |  SUMA       DEC 0                 
075 0000 |  TOTAL      DEC 0                 

Assembly successful.

         SYMBOL TABLE
         ------------------------------------------------------
          Symbol     | Defined | References 
         ------------+---------+-------------------------------
          A          |   070   | 039, 03B, 055
          B          |   071   | 042, 044, 056
          C          |   072   | 04B, 04D, 057
          DIVX       |   039   | 038, 040
          DIVY       |   042   | 041, 049
          DIVZ       |   04B   | 04A, 052
          END        |   063   | 061
          ENDFOR     |   01E   | 00F
          ENDFOR2    |   036   | 027
          ENDMOD     |   016   | 015
          ENDMOD2    |   02E   | 02D
          FORR       |   00E   | 01B
          FORR2      |   026   | 033
          GCD        |   06C   | 01F, 021
          GCD2       |   06F   | 037, 03D, 046, 04F
          GCDF       |   009   | 008
          GCDF2      |   021   | 020
          GCDTEMP    |   06D   | 022, 029, 031, 034, 036
          MAIN       |   054   | 053
          MOD        |   011   | 01D
          MOD2       |   029   | 035
          N          |   068   | 007, 05D, 05F
          SEGUIRMOD  |   01C   | 014
          SEGUIRMOD2 |   034   | 02C
          SUMA       |   074   | 054, 058, 05B
          TEMP       |   069   | 010, 018, 028, 030
          TOTAL      |   075   | 05A, 05C, 063
          TOTALL     |   05A   | 059, 062
          UNO        |   073   | 03A, 043, 04C, 05E
          X          |   065   | 001, 009, 03C, 03E
          XTEMP      |   06A   | 00A, 011, 019, 01C, 01E
          Y          |   066   | 003, 00B, 045, 047
          YTEMP      |   06B   | 00C, 00D, 012, 016, 017, 01A
          Z          |   067   | 005, 023, 04E, 050
          ZTEMP      |   06E   | 024, 025, 02A, 02E, 02F, 032
         ------------------------------------------------------

